test_frozen_q9_source_and_program_reuse (test_library_q9_reuse.Q9ReplayTests.test_frozen_q9_source_and_program_reuse) ... ok
test_archived_intake_retry_recovers_binding_catalog_and_marker_gaps (test_research_corrections.CorrectionTests.test_archived_intake_retry_recovers_binding_catalog_and_marker_gaps) ... ok
test_boolean_receipt_missing_module_and_readback_never_release (test_research_corrections.CorrectionTests.test_boolean_receipt_missing_module_and_readback_never_release) ... ok
test_cli_issue_query_history_and_review_inputs (test_research_corrections.CorrectionTests.test_cli_issue_query_history_and_review_inputs) ... ok
test_conflicting_location_path_aliases_are_rejected_at_real_call_sites (test_research_corrections.CorrectionTests.test_conflicting_location_path_aliases_are_rejected_at_real_call_sites) ... ok
test_corrupt_issue_evidence_event_and_registry_fail_closed (test_research_corrections.CorrectionTests.test_corrupt_issue_evidence_event_and_registry_fail_closed) ... ok
test_depends_on_alias_and_exact_hash_are_required (test_research_corrections.CorrectionTests.test_depends_on_alias_and_exact_hash_are_required) ... ok
test_edited_release_card_and_damaged_receipt_reclose_retrieval (test_research_corrections.CorrectionTests.test_edited_release_card_and_damaged_receipt_reclose_retrieval) ... ok
test_expected_head_rejects_a_valid_reordered_journal_with_same_membership (test_research_corrections.CorrectionTests.test_expected_head_rejects_a_valid_reordered_journal_with_same_membership) ... ok
test_false_card_and_dependent_are_hidden_but_experience_survives (test_research_corrections.CorrectionTests.test_false_card_and_dependent_are_hidden_but_experience_survives) ... ok
test_first_issue_with_only_an_unparseable_card_can_initialize_and_stay_closed (test_research_corrections.CorrectionTests.test_first_issue_with_only_an_unparseable_card_can_initialize_and_stay_closed) ... ok
test_generic_review_and_missing_issue_or_revision_binding_rejected (test_research_corrections.CorrectionTests.test_generic_review_and_missing_issue_or_revision_binding_rejected) ... ok
test_idempotency_conflicts_and_canonical_are_unchanged (test_research_corrections.CorrectionTests.test_idempotency_conflicts_and_canonical_are_unchanged) ... ok
test_legacy_adoption_is_explicit_exact_idempotent_and_preserves_identities (test_research_corrections.CorrectionTests.test_legacy_adoption_is_explicit_exact_idempotent_and_preserves_identities) ... ok
test_legacy_adoption_rejects_truncation_pending_requests_and_corrupt_evidence (test_research_corrections.CorrectionTests.test_legacy_adoption_rejects_truncation_pending_requests_and_corrupt_evidence) ... ok
test_manual_opaque_repair_preserves_bytes_and_save_card_limitation (test_research_corrections.CorrectionTests.test_manual_opaque_repair_preserves_bytes_and_save_card_limitation) ... ok
test_missing_store_or_version_record_cannot_be_rebuilt_as_clear (test_research_corrections.CorrectionTests.test_missing_store_or_version_record_cannot_be_rebuilt_as_clear) ... ok
test_new_revision_and_new_issue_invalidate_old_approval (test_research_corrections.CorrectionTests.test_new_revision_and_new_issue_invalidate_old_approval) ... ok
test_opaque_old_yaml_can_bind_current_repair_without_rewriting_live_bytes (test_research_corrections.CorrectionTests.test_opaque_old_yaml_can_bind_current_repair_without_rewriting_live_bytes) ... ok
test_opaque_registration_alone_does_not_allow_reuse_or_guess_edges (test_research_corrections.CorrectionTests.test_opaque_registration_alone_does_not_allow_reuse_or_guess_edges) ... ok
test_payload_and_event_bytes_keep_the_legacy_v1_contract (test_research_corrections.CorrectionTests.test_payload_and_event_bytes_keep_the_legacy_v1_contract) ... ok
test_pending_intent_and_pointer_failure_retry_without_duplicate_issue (test_research_corrections.CorrectionTests.test_pending_intent_and_pointer_failure_retry_without_duplicate_issue) ... ok
test_pending_journal_corruption_cannot_be_replayed_as_a_commit (test_research_corrections.CorrectionTests.test_pending_journal_corruption_cannot_be_replayed_as_a_commit) ... ok
test_preexisting_repair_can_bind_archived_old_bytes_without_live_rewrite (test_research_corrections.CorrectionTests.test_preexisting_repair_can_bind_archived_old_bytes_without_live_rewrite) ... ok
test_real_exit_recovery_at_every_journal_publication_boundary (test_research_corrections.CorrectionTests.test_real_exit_recovery_at_every_journal_publication_boundary) ... ok
test_real_exit_recovery_at_every_registration_publication_boundary (test_research_corrections.CorrectionTests.test_real_exit_recovery_at_every_registration_publication_boundary) ... ok
test_real_process_exit_and_writer_contention_are_recoverable (test_research_corrections.CorrectionTests.test_real_process_exit_and_writer_contention_are_recoverable) ... ok
test_registration_recovery_rejects_corruption_without_adopting_it (test_research_corrections.CorrectionTests.test_registration_recovery_rejects_corruption_without_adopting_it) ... ok
test_registry_orphan_without_intent_is_not_silently_cataloged (test_research_corrections.CorrectionTests.test_registry_orphan_without_intent_is_not_silently_cataloged) ... ok
test_release_is_idempotent_and_rejects_remaining_affected_dependency (test_research_corrections.CorrectionTests.test_release_is_idempotent_and_rejects_remaining_affected_dependency) ... ok
test_release_requires_exact_receipt_then_dependent_needs_separate_repair (test_research_corrections.CorrectionTests.test_release_requires_exact_receipt_then_dependent_needs_separate_repair) ... ok
test_removed_last_committed_request_and_event_cannot_shorten_history (test_research_corrections.CorrectionTests.test_removed_last_committed_request_and_event_cannot_shorten_history) ... ok
test_retracted_exact_bytes_cannot_be_released_using_an_arbitrary_old_version (test_research_corrections.CorrectionTests.test_retracted_exact_bytes_cannot_be_released_using_an_arbitrary_old_version) ... ok
test_revision_preserves_old_card_and_notes_and_reindex_stays_blocked (test_research_corrections.CorrectionTests.test_revision_preserves_old_card_and_notes_and_reindex_stays_blocked) ... ok
test_transitive_versioned_dependencies_and_metadata_removal_remain_blocked (test_research_corrections.CorrectionTests.test_transitive_versioned_dependencies_and_metadata_removal_remain_blocked) ... ok
test_two_processes_cannot_overwrite_the_same_issue (test_research_corrections.CorrectionTests.test_two_processes_cannot_overwrite_the_same_issue) ... ok
test_unindexed_legacy_cards_and_preexisting_revision_can_be_quarantined (test_research_corrections.CorrectionTests.test_unindexed_legacy_cards_and_preexisting_revision_can_be_quarantined) ... ok
test_validated_empty_legacy_store_needs_explicit_adoption_too (test_research_corrections.CorrectionTests.test_validated_empty_legacy_store_needs_explicit_adoption_too) ... ok
test_bad_experience_fields_are_isolated_and_output_cannot_overwrite_an_input (test_research_experience.ExperienceTests.test_bad_experience_fields_are_isolated_and_output_cannot_overwrite_an_input) ... ok
test_bad_route_is_named_without_losing_healthy_understanding (test_research_experience.ExperienceTests.test_bad_route_is_named_without_losing_healthy_understanding) ... ok
test_comparison_keeps_testable_candidates_and_does_not_infer_accepted_facts (test_research_experience.ExperienceTests.test_comparison_keeps_testable_candidates_and_does_not_infer_accepted_facts) ... ok
test_comparison_marks_changed_input_stale (test_research_experience.ExperienceTests.test_comparison_marks_changed_input_stale) ... ok
test_failure_kinds_preserve_distinct_meanings (test_research_experience.ExperienceTests.test_failure_kinds_preserve_distinct_meanings) ... ok
test_human_notes_are_byte_exact_and_generated_manual_edits_are_not_overwritten (test_research_experience.ExperienceTests.test_human_notes_are_byte_exact_and_generated_manual_edits_are_not_overwritten) ... ok
test_no_return_does_not_turn_into_a_counterexample (test_research_experience.ExperienceTests.test_no_return_does_not_turn_into_a_counterexample) ... ok
test_note_update_preserves_historical_evidence_binding (test_research_experience.ExperienceTests.test_note_update_preserves_historical_evidence_binding) ... ok
test_page_write_interruption_retry_preserves_human_region (test_research_experience.ExperienceTests.test_page_write_interruption_retry_preserves_human_region) ... ok
test_partial_update_retains_scope_and_past_failure (test_research_experience.ExperienceTests.test_partial_update_retains_scope_and_past_failure) ... ok
test_record_index_and_reconsideration_are_searchable (test_research_experience.ExperienceTests.test_record_index_and_reconsideration_are_searchable) ... ok
test_changed_or_new_card_does_not_clear_healthy_hits (test_research_library_v2.LibraryV2Tests.test_changed_or_new_card_does_not_clear_healthy_hits) ... ok
test_cli_round_trip_for_sources_cards_notes_and_experience (test_research_library_v2.LibraryV2Tests.test_cli_round_trip_for_sources_cards_notes_and_experience) ... ok
test_corrupt_card_annotation_and_duplicate_id_isolate_health (test_research_library_v2.LibraryV2Tests.test_corrupt_card_annotation_and_duplicate_id_isolate_health) ... ok
test_free_annotation_immediate_query_and_historical_match (test_research_library_v2.LibraryV2Tests.test_free_annotation_immediate_query_and_historical_match) ... ok
test_incremental_parse_and_legacy_byte_retention (test_research_library_v2.LibraryV2Tests.test_incremental_parse_and_legacy_byte_retention) ... ok
test_index_reconstruction_keeps_old_ids_annotations_and_custom_fields (test_research_library_v2.LibraryV2Tests.test_index_reconstruction_keeps_old_ids_annotations_and_custom_fields) ... ok
test_interruption_between_index_and_readme_retries_without_duplicate_notes (test_research_library_v2.LibraryV2Tests.test_interruption_between_index_and_readme_retries_without_duplicate_notes) ... ok
test_json_card_needs_no_yaml_dependency (test_research_library_v2.LibraryV2Tests.test_json_card_needs_no_yaml_dependency) ... ok
test_malformed_metadata_is_opaque_and_cannot_bypass_gate (test_research_library_v2.LibraryV2Tests.test_malformed_metadata_is_opaque_and_cannot_bypass_gate) ... ok
test_partial_capture_retry_keeps_raw_and_text (test_research_library_v2.LibraryV2Tests.test_partial_capture_retry_keeps_raw_and_text) ... ok
test_program_and_exact_lean_reference_are_searchable_and_versioned (test_research_library_v2.LibraryV2Tests.test_program_and_exact_lean_reference_are_searchable_and_versioned) ... ok
test_real_process_exit_after_annotation_publish_reuses_identical_note (test_research_library_v2.LibraryV2Tests.test_real_process_exit_after_annotation_publish_reuses_identical_note) ... ok
test_refresh_checks_corrupt_snapshot_even_when_card_unchanged (test_research_library_v2.LibraryV2Tests.test_refresh_checks_corrupt_snapshot_even_when_card_unchanged) ... ok
test_small_card_reuses_identity_and_retains_metadata (test_research_library_v2.LibraryV2Tests.test_small_card_reuses_identity_and_retains_metadata) ... ok
test_source_versions_coverage_unicode_reads_and_one_bad_record (test_research_library_v2.LibraryV2Tests.test_source_versions_coverage_unicode_reads_and_one_bad_record) ... ok
test_unchanged_refresh_does_not_rewrite_index_or_snapshot (test_research_library_v2.LibraryV2Tests.test_unchanged_refresh_does_not_rewrite_index_or_snapshot) ... ok
test_approval_requires_all_obligations_and_inputs (test_research_review.ReviewReceiptTests.test_approval_requires_all_obligations_and_inputs) ... ok
test_author_cannot_be_reviewer (test_research_review.ReviewReceiptTests.test_author_cannot_be_reviewer) ... ok
test_boolean_pass_and_no_return_are_not_review (test_research_review.ReviewReceiptTests.test_boolean_pass_and_no_return_are_not_review) ... ok
test_bound_review_is_idempotent_and_does_not_claim_formal_proof (test_research_review.ReviewReceiptTests.test_bound_review_is_idempotent_and_does_not_claim_formal_proof) ... ok
test_changed_packet_cannot_rebind_original_spawn (test_research_review.ReviewReceiptTests.test_changed_packet_cannot_rebind_original_spawn) ... ok
test_changed_proof_or_issue_invalidates_review (test_research_review.ReviewReceiptTests.test_changed_proof_or_issue_invalidates_review) ... ok
test_consumption_revalidates_complete_packet_schema (test_research_review.ReviewReceiptTests.test_consumption_revalidates_complete_packet_schema) ... ok
test_deleted_identity_record_invalidates_receipt (test_research_review.ReviewReceiptTests.test_deleted_identity_record_invalidates_receipt) ... ok
test_duplicate_json_keys_rejected_at_every_depth (test_research_review.ReviewReceiptTests.test_duplicate_json_keys_rejected_at_every_depth) ... ok
test_inherited_or_undocumented_context_rejected (test_research_review.ReviewReceiptTests.test_inherited_or_undocumented_context_rejected) ... ok
test_missing_inputs_and_external_path_rejected (test_research_review.ReviewReceiptTests.test_missing_inputs_and_external_path_rejected) ... ok
test_negative_review_is_preserved_and_not_approved (test_research_review.ReviewReceiptTests.test_negative_review_is_preserved_and_not_approved) ... ok
test_new_packet_requires_new_reviewer_identity (test_research_review.ReviewReceiptTests.test_new_packet_requires_new_reviewer_identity) ... ok
test_prompt_contamination_and_wrong_agent_rejected (test_research_review.ReviewReceiptTests.test_prompt_contamination_and_wrong_agent_rejected) ... ok
test_readback_packet_excludes_informal_roles_and_intent (test_research_review.ReviewReceiptTests.test_readback_packet_excludes_informal_roles_and_intent) ... ok
test_snapshot_and_transcript_tampering_invalidates_review (test_research_review.ReviewReceiptTests.test_snapshot_and_transcript_tampering_invalidates_review) ... ok

----------------------------------------------------------------------
Ran 81 tests in 12.733s

OK
